======================================================================
FULL OTP FLOW TEST
======================================================================

python : Traceback (most recent call last):
строка:1 знак:83
+ ... ve\Рабочий стол\gogo\backend" ; python test_full_flow.py 2>&1 | tee t ...
+                                     ~~~~~~~~~~~~~~~~~~~~~~~~~~~~~
    + CategoryInfo          : NotSpecified: (Traceback (most recent call last) 
   ::String) [], RemoteException
    + FullyQualifiedErrorId : NativeCommandError
 
  File "C:\Users\gulzi\OneDrive\╨рсюўшщ ёЄюы\gogo\backend\test_full_flow.py", 
line 111, in <module>
    asyncio.run(test_full_flow())
    ~~~~~~~~~~~^^^^^^^^^^^^^^^^^^
  File "C:\Users\gulzi\AppData\Local\Programs\Python\Python313\Lib\asyncio\runn
ers.py", line 194, in run
    return runner.run(main)
           ~~~~~~~~~~^^^^^^
  File "C:\Users\gulzi\AppData\Local\Programs\Python\Python313\Lib\asyncio\runn
ers.py", line 118, in run
    return self._loop.run_until_complete(task)
           ~~~~~~~~~~~~~~~~~~~~~~~~~~~~~^^^^^^
  File "C:\Users\gulzi\AppData\Local\Programs\Python\Python313\Lib\asyncio\base
_events.py", line 720, in run_until_complete
    return future.result()
           ~~~~~~~~~~~~~^^
  File "C:\Users\gulzi\OneDrive\╨рсюўшщ ёЄюы\gogo\backend\test_full_flow.py", 
line 23, in test_full_flow
    print("\U0001f4dd STEP 1: Register user")
    ~~~~~^^^^^^^^^^^^^^^^^^^^^^^^^^^^
  File "C:\Users\gulzi\AppData\Local\Programs\Python\Python313\Lib\encodings\cp
1251.py", line 19, in encode
    return codecs.charmap_encode(input,self.errors,encoding_table)[0]
           ~~~~~~~~~~~~~~~~~~~~~^^^^^^^^^^^^^^^^^^^^^^^^^^^^^^^^^^
UnicodeEncodeError: 'charmap' codec can't encode character '\U0001f4dd' in 
position 0: character maps to <undefined>

During handling of the above exception, another exception occurred:

Traceback (most recent call last):
  File "C:\Users\gulzi\OneDrive\╨рсюўшщ ёЄюы\gogo\backend\test_full_flow.py", 
line 115, in <module>
    print(f"\n\u274c Unexpected error: {e}")
    ~~~~~^^^^^^^^^^^^^^^^^^^^^^^^^^^^^^^
  File "C:\Users\gulzi\AppData\Local\Programs\Python\Python313\Lib\encodings\cp
1251.py", line 19, in encode
    return codecs.charmap_encode(input,self.errors,encoding_table)[0]
           ~~~~~~~~~~~~~~~~~~~~~^^^^^^^^^^^^^^^^^^^^^^^^^^^^^^^^^^
UnicodeEncodeError: 'charmap' codec can't encode character '\u274c' in 
position 2: character maps to <undefined>
